// Jest Snapshot v1, https://goo.gl/fbAQLP

exports[`<ReviewBody /> component renders ReviewBody element with TextField should not return error 1`] = `
<div
  className="MuiFormControl-root-1"
>
  <div
    className="MuiInputBase-root-18 MuiInput-root-5 MuiInput-underline-9 MuiInputBase-formControl-19 MuiInput-formControl-6"
    onClick={[Function]}
  >
    <input
      aria-invalid={false}
      className="MuiInputBase-input-28 MuiInput-input-13"
      disabled={false}
      onBlur={[Function]}
      onChange={[Function]}
      onFocus={[Function]}
      required={false}
      type="text"
    />
  </div>
</div>
`;

exports[`renders ReviewBody element with TextField should not return error 1`] = `
<div
  className="MuiFormControl-root-1"
>
  <div
    className="MuiInputBase-root-18 MuiInput-root-5 MuiInput-underline-9 MuiInputBase-formControl-19 MuiInput-formControl-6"
    onClick={[Function]}
  >
    <input
      aria-invalid={false}
      className="MuiInputBase-input-28 MuiInput-input-13"
      disabled={false}
      onBlur={[Function]}
      onChange={[Function]}
      onFocus={[Function]}
      required={false}
      type="text"
    />
  </div>
</div>
`;
