// Jest Snapshot v1, https://goo.gl/fbAQLP

exports[`<ReviewsList /> component renders ReviewsList element should not return error 1`] = `
<div
  data-test="reviews-list"
>
  <div
    className="MuiGrid-container-1 MuiGrid-align-content-xs-center-13 MuiGrid-justify-xs-center-18"
  >
    <div
      className="MuiGrid-item-2 MuiGrid-grid-xs-6-35"
    >
      <ul
        className="MuiList-root-98 MuiList-padding-99"
      >
        <li
          className="MuiListItem-root-102 MuiListItem-default-105 MuiListItem-gutters-110"
          disabled={false}
        >
          <div
            className="MuiGrid-container-1 MuiGrid-direction-xs-column-4 MuiGrid-align-items-xs-center-9 MuiGrid-justify-xs-center-18"
          >
            <div
              className="MuiGrid-item-2"
            >
              <div
                dangerouslySetInnerHTML={
                  Object {
                    "__html": "<svg id=\\"loading\\" xmlns=\\"http://www.w3.org/2000/svg\\" viewBox=\\"0 0 32 32\\">
  <path opacity=\\".1\\" d=\\"M14 0 H18 V8 H14 z\\" transform=\\"rotate(0 16 16)\\">
    <animate attributeName=\\"opacity\\" from=\\"1\\" to=\\".1\\" dur=\\"1s\\" repeatCount=\\"indefinite\\" begin=\\"0\\"/>
  </path>
  <path opacity=\\".1\\" d=\\"M14 0 H18 V8 H14 z\\" transform=\\"rotate(45 16 16)\\">
    <animate attributeName=\\"opacity\\" from=\\"1\\" to=\\".1\\" dur=\\"1s\\" repeatCount=\\"indefinite\\" begin=\\"0.125s\\"/>
  </path>
  <path opacity=\\".1\\" d=\\"M14 0 H18 V8 H14 z\\" transform=\\"rotate(90 16 16)\\">
    <animate attributeName=\\"opacity\\" from=\\"1\\" to=\\".1\\" dur=\\"1s\\" repeatCount=\\"indefinite\\" begin=\\"0.25s\\"/>
  </path>
  <path opacity=\\".1\\" d=\\"M14 0 H18 V8 H14 z\\" transform=\\"rotate(135 16 16)\\">
    <animate attributeName=\\"opacity\\" from=\\"1\\" to=\\".1\\" dur=\\"1s\\" repeatCount=\\"indefinite\\" begin=\\"0.375s\\"/>
  </path>
  <path opacity=\\".1\\" d=\\"M14 0 H18 V8 H14 z\\" transform=\\"rotate(180 16 16)\\">
    <animate attributeName=\\"opacity\\" from=\\"1\\" to=\\".1\\" dur=\\"1s\\" repeatCount=\\"indefinite\\" begin=\\"0.5s\\"/>
  </path>
  <path opacity=\\".1\\" d=\\"M14 0 H18 V8 H14 z\\" transform=\\"rotate(225 16 16)\\">
    <animate attributeName=\\"opacity\\" from=\\"1\\" to=\\".1\\" dur=\\"1s\\" repeatCount=\\"indefinite\\" begin=\\"0.675s\\"/>
  </path>
  <path opacity=\\".1\\" d=\\"M14 0 H18 V8 H14 z\\" transform=\\"rotate(270 16 16)\\">
    <animate attributeName=\\"opacity\\" from=\\"1\\" to=\\".1\\" dur=\\"1s\\" repeatCount=\\"indefinite\\" begin=\\"0.75s\\"/>
  </path>
  <path opacity=\\".1\\" d=\\"M14 0 H18 V8 H14 z\\" transform=\\"rotate(315 16 16)\\">
    <animate attributeName=\\"opacity\\" from=\\"1\\" to=\\".1\\" dur=\\"1s\\" repeatCount=\\"indefinite\\" begin=\\"0.875s\\"/>
  </path>
</svg>
",
                  }
                }
                style={
                  Object {
                    "fill": "#276190",
                    "height": 64,
                    "width": 64,
                  }
                }
              />
            </div>
            <div
              className="MuiGrid-item-2"
            >
              <i>
                <h6
                  className="MuiTypography-root-114 MuiTypography-subtitle1-132 MuiTypography-colorInherit-143"
                >
                  Loading...
                </h6>
              </i>
            </div>
          </div>
        </li>
        <div
          data-test="review"
        >
          <div />
          <div>
            <div
              className="MuiGrid-container-1 MuiGrid-align-items-xs-center-9 MuiGrid-justify-xs-center-18"
            />
          </div>
        </div>
      </ul>
    </div>
  </div>
</div>
`;
